let A0 = [t: *][x: t]t in 
(Î»a: [_1: [_2: A0]*]*)a
Type: *
Type: [a: [_1: [_2: [t: *][x: t]t]*]*][_1: [_2: [t: *][x: t]t]*]*
