[fn: [a: *] [x: a] a] *
typecheck_single_term [fn: [a: *] [x: a] a] *
Type: *
Value: [fn: [a: *] [x: a] a] *
