[x: *] *
typecheck_single_term [x: *] *
Type: *
Value: [x: *] *
