(λa: *)(λf: [_1: a]a)(λx: a)(f x)
Type: [a: *][f: [_1: a]a][x: a]a
