[x: *][y: [x: *]*]*
		expected delta to be * but found [x: *]*

