[x: *] [y: *] *
typecheck_single_term [x: *] [y: *] *
Type: *
Value: [x: *] [y: *] *
